[Redis] Neither REDIS_URL nor REDIS_HOST is set — falling back to localhost:6379. If this process is writing to a REMOTE database (e.g. via an SSH tunnel), this Redis connection is almost certainly NOT the one production reads from; cache invalidation will silently no-op against prod. Set REDIS_URL/REDIS_HOST explicitly, or accept that the change becomes visible only after the cache TTL expires.
[Redis] Connected successfully
[Redis] Ready to accept commands
[10:55:18 UTC] [32mINFO[39m: [36mIPO Scraper CLI started[39m
    source: "nse"
[10:55:18 UTC] [32mINFO[39m: [36mScraper process timezone at startup[39m
    processTz: "Asia/Calcutta"
[10:55:18 UTC] [32mINFO[39m: [36mFeature flag status at scraper startup[39m
    SOURCE_TRACKING: false
    CONFLICT_DETECTION: false
    DATA_CONSOLIDATION: false
    EARLY_DETECTION: false
    SOURCE_TRACKING_PCT: 0
    CONFLICT_DETECTION_PCT: 0
    CONSOLIDATION_PCT: 0
    DEBUG_MODE: false
    ENABLED_SCRAPERS: []
[10:55:18 UTC] [32mINFO[39m: [36mRunning NSE scraper[39m
[10:55:18 UTC] [32mINFO[39m: [36mNSE scraper orchestrator started (Phase 1 consolidation + Phase 2 protection)[39m
[10:55:18 UTC] [32mINFO[39m: [36mTesting NSE API connection[39m
[10:55:21 UTC] [32mINFO[39m: [36mNSE session cookies obtained successfully (AC1)[39m
    cookieCount: 6
    cookieNames: "AKA_A2, ak_bmsc, bm_mi, bm_sz, _abck, bm_sv"
    hasNsit: false
    hasNseappid: false
    hasBmSv: true
[10:55:21 UTC] [32mINFO[39m: [36mNSE API request successful (AC2)[39m
    endpoint: "/api/all-upcoming-issues"
    status: 200
    hasData: true
    dataType: "array"
    itemCount: 6
[10:55:21 UTC] [32mINFO[39m: [36mNSE API connection test completed[39m
    success: true
    recordCount: 6
[10:55:21 UTC] [32mINFO[39m: [36mNSE API is available, using API-first approach[39m
[10:55:21 UTC] [32mINFO[39m: [36mStarting NSE API scraping[39m
[10:55:21 UTC] [32mINFO[39m: [36mFetching all IPOs from NSE API[39m
    category: "ipo"
[10:55:21 UTC] [32mINFO[39m: [36mNSE API request successful (AC2)[39m
    endpoint: "/api/all-upcoming-issues"
    status: 200
    hasData: true
    dataType: "array"
    itemCount: 6
[10:55:21 UTC] [32mINFO[39m: [36mNSE API returned 6 items[39m
    count: 6
[10:55:21 UTC] [32mINFO[39m: [36mNSE API fetch completed[39m
    category: "ipo"
    iposFound: 6
    subscriptionsFound: 0
    duration: 64
[10:55:21 UTC] [32mINFO[39m: [36mFetching all IPOs from NSE API[39m
    category: "rights"
[10:55:21 UTC] [32mINFO[39m: [36mNSE API request successful (AC2)[39m
    endpoint: "/api/all-upcoming-issues"
    status: 200
    hasData: true
    dataType: "object"
    itemCount: "N/A"
[10:55:21 UTC] [32mINFO[39m: [36mNSE API fetch completed[39m
    category: "rights"
    iposFound: 0
    subscriptionsFound: 0
    duration: 136
[10:55:21 UTC] [32mINFO[39m: [36mFetching current IPOs from NSE API (Priority: /api/ipo-current-issue)[39m
[10:55:21 UTC] [32mINFO[39m: [36mNSE API request successful (AC2)[39m
    endpoint: "/api/ipo-current-issue"
    status: 200
    hasData: true
    dataType: "array"
    itemCount: 5
[10:55:21 UTC] [32mINFO[39m: [36mNSE API returned current issues[39m
    count: 5
[10:55:21 UTC] [32mINFO[39m: [36mNSE API request successful (AC2)[39m
    endpoint: "/api/ipo-active-category"
    status: 200
    hasData: true
    dataType: "object"
    itemCount: "N/A"
[10:55:21 UTC] [32mINFO[39m: [36mNSE consolidated subscription fetched from /api/ipo-active-category (T-266)[39m
    symbol: "DEEPA"
    total: 3.387298060457066
    qib: 0.4576185379399384
    nii: 4.634630570106106
    retail: 4.4671976268306155
    coverage: "CONSOLIDATED"
[10:55:22 UTC] [32mINFO[39m: [36mNSE API request successful (AC2)[39m
    endpoint: "/api/ipo-active-category"
    status: 200
    hasData: true
    dataType: "object"
    itemCount: "N/A"
[10:55:22 UTC] [32mINFO[39m: [36mNSE consolidated subscription fetched from /api/ipo-active-category (T-266)[39m
    symbol: "MOMSBELIEF"
    total: 3.4281278981200263
    qib: 0.008163644409963339
    nii: 1.9455908221797322
    retail: 17.620565965583175
    coverage: "CONSOLIDATED"
[10:55:22 UTC] [32mINFO[39m: [36mNSE API request successful (AC2)[39m
    endpoint: "/api/ipo-active-category"
    status: 200
    hasData: true
    dataType: "object"
    itemCount: "N/A"
[10:55:22 UTC] [32mINFO[39m: [36mNSE consolidated subscription fetched from /api/ipo-active-category (T-266)[39m
    symbol: "PERNIASPOP"
    total: 1.2861805339004726
    qib: 1.4258141287660615
    nii: 0.8362561297896133
    retail: 1.5421660627209595
    coverage: "CONSOLIDATED"
[10:55:22 UTC] [33mWARN[39m: [36m[NSE] issueSize omitted: share count known but no price band to convert to rupees (T-329)[39m
    companyName: "Ashutosh Fibre Limited"
    shares: 4381200
[10:55:22 UTC] [32mINFO[39m: [36mNSE API request successful (AC2)[39m
    endpoint: "/api/ipo-active-category"
    status: 200
    hasData: true
    dataType: "object"
    itemCount: "N/A"
[10:55:22 UTC] [33mWARN[39m: [36mNSE ipo-active-category had category rows but no Total row - snapshot rejected[39m
    symbol: "ASHUTOSH"
    companyName: "Ashutosh Fibre Limited"
    qib: 0
    nii: 0
[10:55:22 UTC] [33mWARN[39m: [36mNSE /api/ipo-active-category yielded no usable subscription[39m
    symbol: "ASHUTOSH"
    companyName: "Ashutosh Fibre Limited"
[10:55:22 UTC] [33mWARN[39m: [36mFalling back to the NSE-only subscription figure - this is ONE exchange book, not the whole market[39m
    symbol: "ASHUTOSH"
    companyName: "Ashutosh Fibre Limited"
    total: 123.46
    coverage: "EXCHANGE_ONLY"
[10:55:22 UTC] [33mWARN[39m: [36m[NSE] issueSize omitted: share count known but no price band to convert to rupees (T-329)[39m
    companyName: "Shanti Inorganics Limited"
    shares: 4072000
[10:55:22 UTC] [32mINFO[39m: [36mNSE API request successful (AC2)[39m
    endpoint: "/api/ipo-active-category"
    status: 200
    hasData: true
    dataType: "object"
    itemCount: "N/A"
[10:55:22 UTC] [33mWARN[39m: [36mNSE ipo-active-category had category rows but no Total row - snapshot rejected[39m
    symbol: "SHANTIINOR"
    companyName: "Shanti Inorganics Limited"
    qib: 0
    nii: 0
[10:55:22 UTC] [33mWARN[39m: [36mNSE /api/ipo-active-category yielded no usable subscription[39m
    symbol: "SHANTIINOR"
    companyName: "Shanti Inorganics Limited"
[10:55:22 UTC] [33mWARN[39m: [36mFalling back to the NSE-only subscription figure - this is ONE exchange book, not the whole market[39m
    symbol: "SHANTIINOR"
    companyName: "Shanti Inorganics Limited"
    total: 131.7
    coverage: "EXCHANGE_ONLY"
[10:55:22 UTC] [32mINFO[39m: [36mNSE API fetch completed (AC4)[39m
    iposFound: 5
    subscriptionsFound: 5
    consolidated: 3
    duration: 1332
[10:55:22 UTC] [32mINFO[39m: [36mNSE API scraping completed successfully[39m
    totalIPOs: 6
    totalSubscriptions: 5
    duration: 1533
[10:55:22 UTC] [32mINFO[39m: [36mNSE scrape completed successfully using API (AC6, AC7, Task 13)[39m
    iposFound: 6
    subscriptionsFound: 5
    openIPOs: 3
    coverage: "166.67%"
    coverageTarget: "100%"
    source: "api"
    duration: 3945
    consecutiveFailures: 0
[10:55:22 UTC] [32mINFO[39m: [36mScraped data received from NSE[39m
    totalIPOs: 6
    totalSubscriptions: 5
[Cache] MISS: ipo:slug:deepa-jewellers-ltd
[Cache] SET: ipo:slug:deepa-jewellers-ltd (TTL: 900s)
[Cache] MISS: subscription:latest:0b7e81cd-3426-4376-9bc8-1b3b07fa9a93
[10:55:29 UTC] [32mINFO[39m: [36mNew NSE IPO deepa-jewellers-ltd created[39m
    slug: "deepa-jewellers-ltd"
    source: "NSE"
[10:55:29 UTC] [32mINFO[39m: [36mIPO upserted successfully[39m
    companyName: "Deepa Jewellers Limited"
    ipoId: "0b7e81cd-3426-4376-9bc8-1b3b07fa9a93"
    source: "NSE"
    duration: 736
[Cache] SET: subscription:latest:0b7e81cd-3426-4376-9bc8-1b3b07fa9a93 (TTL: 300s)
[Cache] DEL: subscription:latest:0b7e81cd-3426-4376-9bc8-1b3b07fa9a93, subscription:history:0b7e81cd-3426-4376-9bc8-1b3b07fa9a93:*
[10:55:31 UTC] [32mINFO[39m: [36mSubscription snapshot created successfully (AC4, AC6)[39m
    ipoId: "0b7e81cd-3426-4376-9bc8-1b3b07fa9a93"
    subscriptionId: "908d93bb-7c1d-45d6-8eb8-a4fe05b6039f"
    companyName: "Deepa Jewellers Limited"
    coverage: "CONSOLIDATED"
    total: 3.387298060457066
    duration: 1559
[Cache] MISS: ipo:slug:rays-of-belief-limited-for-profit-social-enterprise-fpse
[Cache] SET: ipo:slug:rays-of-belief-limited-for-profit-social-enterprise-fpse (TTL: 900s)
[Cache] MISS: subscription:latest:9b9c382f-040d-4691-9d23-36197fe2a35d
[10:55:34 UTC] [32mINFO[39m: [36mNew NSE IPO rays-of-belief-limited-for-profit-social-enterprise-fpse created[39m
    slug: "rays-of-belief-limited-for-profit-social-enterprise-fpse"
    source: "NSE"
[10:55:34 UTC] [32mINFO[39m: [36mIPO upserted successfully[39m
    companyName: "Rays of Belief Limited- For Profit Social Enterprise (FPSE)"
    ipoId: "9b9c382f-040d-4691-9d23-36197fe2a35d"
    source: "NSE"
    duration: 811
[Cache] SET: subscription:latest:9b9c382f-040d-4691-9d23-36197fe2a35d (TTL: 300s)
[Cache] DEL: subscription:latest:9b9c382f-040d-4691-9d23-36197fe2a35d, subscription:history:9b9c382f-040d-4691-9d23-36197fe2a35d:*
[10:55:36 UTC] [32mINFO[39m: [36mSubscription snapshot created successfully (AC4, AC6)[39m
    ipoId: "9b9c382f-040d-4691-9d23-36197fe2a35d"
    subscriptionId: "d1132ce1-86e4-44e3-953e-67736623f516"
    companyName: "Rays of Belief Limited- For Profit Social Enterprise (FPSE)"
    coverage: "CONSOLIDATED"
    total: 3.4281278981200263
    duration: 1426
[Cache] MISS: ipo:slug:purple-style-labs-ltd
[Cache] SET: ipo:slug:purple-style-labs-ltd (TTL: 900s)
[Cache] MISS: subscription:latest:06549215-abe2-46fd-b1e0-629e27db38e7
[10:55:40 UTC] [32mINFO[39m: [36mNew NSE IPO purple-style-labs-ltd created[39m
    slug: "purple-style-labs-ltd"
    source: "NSE"
[10:55:40 UTC] [32mINFO[39m: [36mIPO upserted successfully[39m
    companyName: "Purple Style Labs Limited"
    ipoId: "06549215-abe2-46fd-b1e0-629e27db38e7"
    source: "NSE"
    duration: 840
[Cache] SET: subscription:latest:06549215-abe2-46fd-b1e0-629e27db38e7 (TTL: 300s)
[Cache] DEL: subscription:latest:06549215-abe2-46fd-b1e0-629e27db38e7, subscription:history:06549215-abe2-46fd-b1e0-629e27db38e7:*
[10:55:41 UTC] [32mINFO[39m: [36mSubscription snapshot created successfully (AC4, AC6)[39m
    ipoId: "06549215-abe2-46fd-b1e0-629e27db38e7"
    subscriptionId: "0d79d58b-2486-47d1-989b-5256eb78717a"
    companyName: "Purple Style Labs Limited"
    coverage: "CONSOLIDATED"
    total: 1.2861805339004726
    duration: 1415
[Cache] MISS: ipo:slug:priority-jewels-ltd
[Cache] SET: ipo:slug:priority-jewels-ltd (TTL: 900s)
[10:55:46 UTC] [32mINFO[39m: [36mNew NSE IPO priority-jewels-ltd created[39m
    slug: "priority-jewels-ltd"
    source: "NSE"
[10:55:46 UTC] [32mINFO[39m: [36mIPO upserted successfully[39m
    companyName: "Priority Jewels Limited"
    ipoId: "ecd742b5-3379-4147-bdd7-c0bdba6fe715"
    source: "NSE"
    duration: 1023
[Cache] MISS: ipo:slug:esds-software-solution-ltd
[Cache] SET: ipo:slug:esds-software-solution-ltd (TTL: 900s)
[10:55:49 UTC] [32mINFO[39m: [36mNew NSE IPO esds-software-solution-ltd created[39m
    slug: "esds-software-solution-ltd"
    source: "NSE"
[10:55:49 UTC] [32mINFO[39m: [36mIPO upserted successfully[39m
    companyName: "ESDS Software Solution Limited"
    ipoId: "6b912152-f26b-40df-8817-0cb976c82d13"
    source: "NSE"
    duration: 974
[Cache] MISS: ipo:slug:qualiance-international-ltd
[Cache] SET: ipo:slug:qualiance-international-ltd (TTL: 900s)
[10:55:53 UTC] [32mINFO[39m: [36mNew NSE IPO qualiance-international-ltd created[39m
    slug: "qualiance-international-ltd"
    source: "NSE"
[10:55:53 UTC] [32mINFO[39m: [36mIPO upserted successfully[39m
    companyName: "Qualiance International Limited"
    ipoId: "fe5b86d2-3a1a-4a89-a2b0-3abcb3b4dff1"
    source: "NSE"
    duration: 679
[10:55:53 UTC] [32mINFO[39m: [36mStarting cache invalidation[39m
    source: "NSE"
    iposUpdated: 6
[10:55:53 UTC] [32mINFO[39m: [36mCache invalidated successfully[39m
    source: "NSE"
    iposUpdated: 6
    keysDeleted: 6
    detailKeysDeleted: 6
    listingKeysDeleted: 0
    subscriptionKeysDeleted: 0
    dashboardKeysDeleted: 0
    duration: 5
[DB] scraper_log.create - 912ms { source: 'NSE', status: 'SUCCESS' }
[10:55:54 UTC] [32mINFO[39m: [36mScraper NSE success recorded[39m
    metric: "scraper_success"
    source: "NSE"
[10:55:54 UTC] [32mINFO[39m: [36mNSE scraper orchestrator completed (Phase 1 + Phase 2 integrated)[39m
    success: true
    iposProcessed: 6
    iposInserted: 6
    iposUpdated: 0
    iposFailed: 0
    iposSkipped: 0
    subscriptionsCreated: 3
    subscriptionsSkipped: 0
    fieldsProtected: 0
    errors: []
    consolidationEnabled: false
    conflictsDetected: 0
    fieldsConsolidated: 0
    avgConsolidationTimeMs: 0
    duration: 34779
[10:55:54 UTC] [32mINFO[39m: [36mNSE scraper completed[39m
    success: true
    iposProcessed: 6
    iposInserted: 6
    iposUpdated: 0
    iposFailed: 0
[10:55:54 UTC] [32mINFO[39m: [36mScraper execution completed[39m
    source: "nse"
    success: true
    iposProcessed: 6
    iposInserted: 6
    iposUpdated: 0
    iposMerged: 0
    smeCount: 1
    mainboardCount: 5
    iposFailed: 0
    subscriptionsCreated: 3
    errorCount: 0
[10:55:54 UTC] [32mINFO[39m: [36mScraper completed successfully[39m
