PASS: good web + scraper env -> pass (exit 0, expected 0)
PASS: missing key -> fail (exit 1, expected 1)
PASS: blank value -> fail (T-230 lesson) (exit 1, expected 1)
PASS: DATABASE_HOST present -> fail (T-241 H5) (exit 1, expected 1)
PASS: missing env file -> fail (exit 1, expected 1)
PASS: web.env.local missing TZ -> fail (T-327 P2-7) (exit 1, expected 1)
PASS: scraper.env missing TZ -> fail (T-327 P2-7) (exit 1, expected 1)
PASS: scraper.env missing ENABLE_BSE_API -> fail (T-251, F9 revert-proof) (exit 1, expected 1)
PASS: scraper.env missing ADMIN_API_TOKEN -> fail naming the key (T-340) (exit 1, message contains 'ADMIN_API_TOKEN')
PASS: scraper.env blank ADMIN_API_TOKEN -> fail naming the key (T-340 + T-230) (exit 1, message contains 'ADMIN_API_TOKEN')
PASS: slot staging + staging DSN -> pass (exit 0, expected 0)
PASS: slot staging pointed at PROD db ipodhan -> fail (T-243) (exit 1, expected 1)
PASS: slot staging DECLARES (and matches) PROD db ipodhan -> fail (T-287, secondary branch) (exit 1, message contains 'targets the PRODUCTION database')
PASS: slot prod + prod DSN -> pass (exit 0, expected 0)
PASS: no DSN_ASSERT_DB -> assert is advisory, still passes (exit 0, expected 0)
PASS: slot staging Redis db1 -> pass (exit 0, expected 0)
PASS: slot staging pointed at Redis db0 -> fail (T-264 F2) (exit 1, expected 1)
PASS: slot staging DECLARES (and matches) Redis db0 -> fail (T-287, secondary branch) (exit 1, message contains 'the PRODUCTION cache db')
PASS: slot prod + Redis db0 -> pass (exit 0, expected 0)
PASS: no DSN_ASSERT_REDIS_DB -> assert is advisory, still passes (exit 0, expected 0)
PASS: wrong arg count -> usage error (exit 2, expected 2)
PASS: flag-liveness report is advisory-if-omitted (2-arg call unaffected) (exit 0, expected 0)
PASS: flag-liveness report never fails the deploy, even with dead flags present (exit 0, expected 0)
PASS: flag-liveness report catches a scheduler/-only flag (the real #213 shape) (exit 0, message contains 'ENABLE_PRIMARY_SOURCE_DISCOVERY')
PASS: flag-liveness report does NOT flag ENABLE_BSE_API (has a real consumer in the fixture)
PASS: prod slot, CONSOLIDATION_PERCENTAGE=0 -> fail naming the flag (T-282 class, #193) (exit 1, message contains 'CONSOLIDATION_PERCENTAGE=0')
PASS: prod slot, CONSOLIDATION_PERCENTAGE missing entirely -> fail (implicit 0, #193) (exit 1, expected 1)
PASS: prod slot, CONSOLIDATION_PERCENTAGE=25 (genuine staged rollout) -> pass (#193) (exit 0, expected 0)
PASS: prod slot, ENABLE_DATA_CONSOLIDATION=false -> fail (PROD-REQUIRED-TRUE, #193) (exit 1, message contains 'ENABLE_DATA_CONSOLIDATION=false')
PASS: prod slot, CONSOLIDATION_PERCENTAGE=0 + ALLOW_ZERO_FLAGS=CONSOLIDATION_PERCENTAGE -> pass (deliberate ramp-down, #193) (exit 0, expected 0)
PASS: staging slot, CONSOLIDATION_PERCENTAGE=0 -> pass (rollout-liveness gate is prod-slot-only, #193) (exit 0, expected 0)
PASS: prod slot, marker grep derives 0 flags (reworded/wrapped feature-flags.ts) -> fail naming it (T-467 round 2 HIGH) (exit 1, message contains 'derived 0 flags')
PASS: prod slot, CONSOLIDATION_PERCENTAGE=100 with trailing space -> pass (T-467 round 2 MEDIUM, trim) (exit 0, expected 0)
PASS: prod slot, CONSOLIDATION_PERCENTAGE="100" quoted with trailing space -> pass (T-467 round 4 MEDIUM, trim/quote order) (exit 0, expected 0)
PASS: staging slot, CONSOLIDATION_PERCENTAGE=0 -> pass with an INFO line naming it (T-467 round 2 LOW) (exit 0, message contains 'INFO: rollout flag CONSOLIDATION_PERCENTAGE=0 on slot 'staging'')
assert-env-keys.test.sh: all cases passed
